// Jest Snapshot v1, https://goo.gl/fbAQLP

exports[`Content section snapshot test  the snapshot should match 1`] = `ShallowWrapper {}`;
